
Memory Configuration

Name             Origin             Length             Attributes
*default*        0x00000000         0xffffffff

Linker script and memory map

                0x00000000                . = 0x0
                0x00000000                . = ALIGN (0x4)

.text           0x0c000000      0x6f4
 start.o(.text)
 .text          0x0c000000       0xe0 start.o
                0x0c000040                _end_vect
                0x0c000088                relocate_code
                0x0c000054                IRQ_STACK_START_IN
                0x0c000000                _start
                0x0c000048                _bss_start_ofs
                0x0c00004c                _bss_end_ofs
                0x0c000050                _end_ofs
                0x0c000040                _TEXT_BASE
 cpu_init.o(.text)
 .text          0x0c0000e0      0x134 cpu_init.o
                0x0c0000e0                mem_ctrl_asm_init
 nand_boot_s3c.o(.text)
 .text          0x0c000214       0xf8 nand_boot_s3c.o
                0x0c000214                nand_boot
                0x0c0002f8                board_init_f
 *(.text)
 .text          0x0c00030c      0x1bc lowlevel_init.o
                0x0c000310                lowlevel_init
 .text          0x0c0004c8      0x22c s3c64xx.o
                0x0c0004c8                nand_read_byte
                0x0c000634                board_nand_init
                0x0c000508                nand_read_buf
                0x0c0004dc                nand_write_buf

.glue_7         0x0c0006f4        0x0
 .glue_7        0x00000000        0x0 linker stubs

.glue_7t        0x0c0006f4        0x0
 .glue_7t       0x00000000        0x0 linker stubs

.vfp11_veneer   0x0c0006f4        0x0
 .vfp11_veneer  0x00000000        0x0 linker stubs

.v4_bx          0x0c0006f4        0x0
 .v4_bx         0x00000000        0x0 linker stubs
                0x0c0006f4                . = ALIGN (0x4)

.rodata
 *(SORT(.rodata*))
                0x0c0006f4                . = ALIGN (0x4)

.data           0x0c0006f4        0x8
 *(.data)
 .data          0x0c0006f4        0x0 start.o
 .data          0x0c0006f4        0x0 cpu_init.o
 .data          0x0c0006f4        0x0 nand_boot_s3c.o
 .data          0x0c0006f4        0x0 lowlevel_init.o
 .data          0x0c0006f4        0x8 s3c64xx.o
                0x0c0006fc                __datarel_start = .
 *(.data.rel)
                0x0c0006fc                __datarelrolocal_start = .
 *(.data.rel.ro.local)
                0x0c0006fc                __datarellocal_start = .
 *(.data.rel.local)
                0x0c0006fc                __datarelro_start = .
 *(.data.rel.ro)
                0x0c0006fc                . = ALIGN (0x4)
                0x0c0006fc                __rel_dyn_start = .

.rel.dyn
 *(.rel.dyn)
                0x0c0006fc                __rel_dyn_end = .
                0x0c0006fc                __dynsym_start = .

.dynsym
 *(.dynsym)
                0x0c0006fc                . = .
                0x0c0006fc                __u_boot_cmd_start = .

.u_boot_cmd
 *(.u_boot_cmd)
                0x0c0006fc                __u_boot_cmd_end = .
                0x0c0006fc                . = ALIGN (0x4)
                0x0c0006fc                __bss_start = .

.bss            0x0c0006fc        0x4
 *(.bss)
 .bss           0x0c0006fc        0x0 start.o
 .bss           0x0c0006fc        0x0 cpu_init.o
 .bss           0x0c0006fc        0x0 nand_boot_s3c.o
 .bss           0x0c0006fc        0x0 lowlevel_init.o
 .bss           0x0c0006fc        0x4 s3c64xx.o
                0x0c000700                . = ALIGN (0x4)
                0x0c000700                __bss_start = .
 *(.bss)
                0x0c000700                . = ALIGN (0x4)
                0x0c000700                __bss_end__ = .
                0x0c000700                _end = .

/DISCARD/
 *(.dynstr*)
 *(.dynamic*)
 *(.plt*)
 *(.interp*)
 *(.gnu*)
Address of section .text set to 0xc000000
LOAD start.o
LOAD cpu_init.o
LOAD lowlevel_init.o
LOAD nand_boot_s3c.o
LOAD s3c64xx.o
OUTPUT(/home/devel/real6410/u-boot-2011.06/nand_spl/u-boot-spl elf32-littlearm)

.ARM.attributes
                0x00000000       0x26
 .ARM.attributes
                0x00000000       0x18 start.o
 .ARM.attributes
                0x00000018       0x18 cpu_init.o
 .ARM.attributes
                0x00000030       0x28 nand_boot_s3c.o
 .ARM.attributes
                0x00000058       0x18 lowlevel_init.o
 .ARM.attributes
                0x00000070       0x28 s3c64xx.o

.debug_line     0x00000000      0x45c
 .debug_line    0x00000000       0x5f start.o
 .debug_line    0x0000005f       0x7f cpu_init.o
 .debug_line    0x000000de      0x13a nand_boot_s3c.o
 .debug_line    0x00000218       0xa7 lowlevel_init.o
 .debug_line    0x000002bf      0x19d s3c64xx.o

.debug_info     0x00000000     0x19e8
 .debug_info    0x00000000       0x77 start.o
 .debug_info    0x00000077       0x7a cpu_init.o
 .debug_info    0x000000f1      0x52c nand_boot_s3c.o
 .debug_info    0x0000061d       0x7f lowlevel_init.o
 .debug_info    0x0000069c     0x134c s3c64xx.o

.debug_abbrev   0x00000000      0x4ab
 .debug_abbrev  0x00000000       0x14 start.o
 .debug_abbrev  0x00000014       0x14 cpu_init.o
 .debug_abbrev  0x00000028      0x176 nand_boot_s3c.o
 .debug_abbrev  0x0000019e       0x14 lowlevel_init.o
 .debug_abbrev  0x000001b2      0x2f9 s3c64xx.o

.debug_aranges  0x00000000       0xa0
 .debug_aranges
                0x00000000       0x20 start.o
 .debug_aranges
                0x00000020       0x20 cpu_init.o
 .debug_aranges
                0x00000040       0x20 nand_boot_s3c.o
 .debug_aranges
                0x00000060       0x20 lowlevel_init.o
 .debug_aranges
                0x00000080       0x20 s3c64xx.o

.debug_frame    0x00000000       0xcc
 .debug_frame   0x00000000       0x30 nand_boot_s3c.o
 .debug_frame   0x00000030       0x9c s3c64xx.o

.debug_loc      0x00000000      0x342
 .debug_loc     0x00000000      0x164 nand_boot_s3c.o
 .debug_loc     0x00000164      0x1de s3c64xx.o

.debug_pubnames
                0x00000000       0x8f
 .debug_pubnames
                0x00000000       0x31 nand_boot_s3c.o
 .debug_pubnames
                0x00000031       0x5e s3c64xx.o

.debug_ranges   0x00000000       0xd8
 .debug_ranges  0x00000000       0xc0 nand_boot_s3c.o
 .debug_ranges  0x000000c0       0x18 s3c64xx.o

.debug_str      0x00000000      0x7a9
 .debug_str     0x00000000      0x145 nand_boot_s3c.o
                                0x18e (size before relaxing)
 .debug_str     0x00000145      0x664 s3c64xx.o
                                0x80c (size before relaxing)

.comment        0x00000000       0x24
 .comment       0x00000000       0x12 nand_boot_s3c.o
 .comment       0x00000012       0x12 s3c64xx.o

.note.GNU-stack
                0x00000000        0x0
 .note.GNU-stack
                0x00000000        0x0 nand_boot_s3c.o
 .note.GNU-stack
                0x00000000        0x0 s3c64xx.o
